// Jest Snapshot v1, https://goo.gl/fbAQLP

exports[`test for app 1`] = `
<div>
  <Router />
</div>
`;
